[demo.w3layouts.com/demos_new/template_demo/01-09-2020/savepoor-liberty-demo_Free/1012221799/web/index.html]
[backblue.gif]
[fade.gif]
[index.html]
[demo.w3layouts.com/demos_new/template_demo/01-09-2020/savepoor-liberty-demo_Free/1012221799/web/assets/css/style-liberty.css]
[demo.w3layouts.com/assests/css/font-awesome.min.css]
[m.servedby-buysellads.com/monetization.js]
[demo.w3layouts.com/demos_new/template_demo/01-09-2020/savepoor-liberty-demo_Free/1012221799/web/assets/images/logo.png]
[demo.w3layouts.com/demos_new/template_demo/01-09-2020/savepoor-liberty-demo_Free/1012221799/web/about.html]
[demo.w3layouts.com/demos_new/template_demo/01-09-2020/savepoor-liberty-demo_Free/1012221799/web/causes.html]
[demo.w3layouts.com/demos_new/template_demo/01-09-2020/savepoor-liberty-demo_Free/1012221799/web/donate.html]
[demo.w3layouts.com/demos_new/template_demo/01-09-2020/savepoor-liberty-demo_Free/1012221799/web/error.html]
[demo.w3layouts.com/demos_new/template_demo/01-09-2020/savepoor-liberty-demo_Free/1012221799/web/landing-single.html]
[demo.w3layouts.com/demos_new/template_demo/01-09-2020/savepoor-liberty-demo_Free/1012221799/web/blog.html]
[demo.w3layouts.com/demos_new/template_demo/01-09-2020/savepoor-liberty-demo_Free/1012221799/web/blog-single.html]
[demo.w3layouts.com/demos_new/template_demo/01-09-2020/savepoor-liberty-demo_Free/1012221799/web/contact.html]
[demo.w3layouts.com/demos_new/template_demo/01-09-2020/savepoor-liberty-demo_Free/1012221799/web/assets/images/donate.png]
[demo.w3layouts.com/demos_new/template_demo/01-09-2020/savepoor-liberty-demo_Free/1012221799/web/assets/images/volunteer.png]
[demo.w3layouts.com/demos_new/template_demo/01-09-2020/savepoor-liberty-demo_Free/1012221799/web/assets/images/child.png]
[demo.w3layouts.com/demos_new/template_demo/01-09-2020/savepoor-liberty-demo_Free/1012221799/web/assets/images/blog5.jpg]
[demo.w3layouts.com/demos_new/template_demo/01-09-2020/savepoor-liberty-demo_Free/1012221799/web/assets/images/blog2.jpg]
[demo.w3layouts.com/demos_new/template_demo/01-09-2020/savepoor-liberty-demo_Free/1012221799/web/assets/images/blog3.jpg]
[demo.w3layouts.com/demos_new/template_demo/01-09-2020/savepoor-liberty-demo_Free/1012221799/web/assets/images/blog4.jpg]
[demo.w3layouts.com/demos_new/template_demo/01-09-2020/savepoor-liberty-demo_Free/1012221799/web/assets/images/home.png]
[demo.w3layouts.com/demos_new/template_demo/01-09-2020/savepoor-liberty-demo_Free/1012221799/web/assets/images/education.png]
[demo.w3layouts.com/demos_new/template_demo/01-09-2020/savepoor-liberty-demo_Free/1012221799/web/assets/images/health.png]
[demo.w3layouts.com/demos_new/template_demo/01-09-2020/savepoor-liberty-demo_Free/1012221799/web/assets/images/icon1.png]
[demo.w3layouts.com/demos_new/template_demo/01-09-2020/savepoor-liberty-demo_Free/1012221799/web/assets/images/food.png]
[demo.w3layouts.com/demos_new/template_demo/01-09-2020/savepoor-liberty-demo_Free/1012221799/web/assets/images/eco.png]
[demo.w3layouts.com/demos_new/template_demo/01-09-2020/savepoor-liberty-demo_Free/1012221799/web/assets/images/brand1.png]
[demo.w3layouts.com/demos_new/template_demo/01-09-2020/savepoor-liberty-demo_Free/1012221799/web/assets/images/brand2.png]
[demo.w3layouts.com/demos_new/template_demo/01-09-2020/savepoor-liberty-demo_Free/1012221799/web/assets/images/brand3.png]
[demo.w3layouts.com/demos_new/template_demo/01-09-2020/savepoor-liberty-demo_Free/1012221799/web/assets/images/brand4.png]
[demo.w3layouts.com/demos_new/template_demo/01-09-2020/savepoor-liberty-demo_Free/1012221799/web/assets/images/brand5.png]
[demo.w3layouts.com/demos_new/template_demo/01-09-2020/savepoor-liberty-demo_Free/1012221799/web/assets/images/brand6.png]
[demo.w3layouts.com/demos_new/template_demo/01-09-2020/savepoor-liberty-demo_Free/1012221799/web/assets/images/subscribe.png]
[demo.w3layouts.com/demos_new/template_demo/01-09-2020/savepoor-liberty-demo_Free/1012221799/web/assets/js/jquery-3.3.1.min.js]
[demo.w3layouts.com/demos_new/template_demo/01-09-2020/savepoor-liberty-demo_Free/1012221799/web/assets/js/theme-change.js]
[demo.w3layouts.com/demos_new/template_demo/01-09-2020/savepoor-liberty-demo_Free/1012221799/web/assets/js/owl.carousel.js]
[demo.w3layouts.com/demos_new/template_demo/01-09-2020/savepoor-liberty-demo_Free/1012221799/web/assets/js/counter.js]
[demo.w3layouts.com/demos_new/template_demo/01-09-2020/savepoor-liberty-demo_Free/1012221799/web/index.html]
[demo.w3layouts.com/demos_new/template_demo/01-09-2020/savepoor-liberty-demo_Free/1012221799/web/assets/js/bootstrap.min.js]
[demo.w3layouts.com/demos_new/template_demo/01-09-2020/savepoor-liberty-demo_Free/1012221799/web/assets/fonts/fontawesome-webfont3e6e.eot]
[demo.w3layouts.com/demos_new/template_demo/01-09-2020/savepoor-liberty-demo_Free/1012221799/web/assets/fonts/fontawesome-webfontd41d.eot]
[demo.w3layouts.com/demos_new/template_demo/01-09-2020/savepoor-liberty-demo_Free/1012221799/web/assets/fonts/fontawesome-webfont3e6e.woff2]
[demo.w3layouts.com/demos_new/template_demo/01-09-2020/savepoor-liberty-demo_Free/1012221799/web/assets/fonts/fontawesome-webfont3e6e.woff]
[demo.w3layouts.com/demos_new/template_demo/01-09-2020/savepoor-liberty-demo_Free/1012221799/web/assets/fonts/fontawesome-webfont3e6e.ttf]
[demo.w3layouts.com/demos_new/template_demo/01-09-2020/savepoor-liberty-demo_Free/1012221799/web/assets/fonts/fontawesome-webfont3e6e.svg]
[demo.w3layouts.com/demos_new/template_demo/01-09-2020/savepoor-liberty-demo_Free/1012221799/web/assets/images/banner1.jpg]
[demo.w3layouts.com/demos_new/template_demo/01-09-2020/savepoor-liberty-demo_Free/1012221799/web/assets/images/banner2.jpg]
[demo.w3layouts.com/demos_new/template_demo/01-09-2020/savepoor-liberty-demo_Free/1012221799/web/assets/images/banner3.jpg]
[demo.w3layouts.com/demos_new/template_demo/01-09-2020/savepoor-liberty-demo_Free/1012221799/web/assets/images/banner4.jpg]
[demo.w3layouts.com/demos_new/template_demo/01-09-2020/savepoor-liberty-demo_Free/1012221799/web/assets/images/world-map.png]
[demo.w3layouts.com/demos_new/template_demo/01-09-2020/savepoor-liberty-demo_Free/1012221799/web/assets/css/owl.video.play.png]
[demo.w3layouts.com/demos_new/template_demo/01-09-2020/savepoor-liberty-demo_Free/1012221799/web/assets/images/innerbanner.jpg]
[demo.w3layouts.com/demos_new/template_demo/01-09-2020/savepoor-liberty-demo_Free/1012221799/web/assets/css/style-liberty.css]
[demo.w3layouts.com/assests/css/font-awesome.min.css]
[demo.w3layouts.com/demos_new/template_demo/01-09-2020/savepoor-liberty-demo_Free/1012221799/web/assets/images/about.jpg]
[demo.w3layouts.com/demos_new/template_demo/01-09-2020/savepoor-liberty-demo_Free/1012221799/web/assets/images/team1.jpg]
[demo.w3layouts.com/demos_new/template_demo/01-09-2020/savepoor-liberty-demo_Free/1012221799/web/assets/images/team2.jpg]
[demo.w3layouts.com/demos_new/template_demo/01-09-2020/savepoor-liberty-demo_Free/1012221799/web/assets/images/team3.jpg]
[demo.w3layouts.com/demos_new/template_demo/01-09-2020/savepoor-liberty-demo_Free/1012221799/web/assets/images/team4.jpg]
[demo.w3layouts.com/demos_new/template_demo/01-09-2020/savepoor-liberty-demo_Free/1012221799/web/assets/images/team5.jpg]
[demo.w3layouts.com/demos_new/template_demo/01-09-2020/savepoor-liberty-demo_Free/1012221799/web/assets/images/team6.jpg]
[demo.w3layouts.com/demos_new/template_demo/01-09-2020/savepoor-liberty-demo_Free/1012221799/web/assets/images/team7.jpg]
[demo.w3layouts.com/demos_new/template_demo/01-09-2020/savepoor-liberty-demo_Free/1012221799/web/assets/images/team8.jpg]
[demo.w3layouts.com/demos_new/template_demo/01-09-2020/savepoor-liberty-demo_Free/1012221799/web/assets/images/team9.jpg]
[demo.w3layouts.com/demos_new/template_demo/01-09-2020/savepoor-liberty-demo_Free/1012221799/web/about.html]
[demo.w3layouts.com/demos_new/template_demo/01-09-2020/savepoor-liberty-demo_Free/1012221799/web/assets/images/blog1.jpg]
[demo.w3layouts.com/demos_new/template_demo/01-09-2020/savepoor-liberty-demo_Free/1012221799/web/assets/images/blog6.jpg]
[demo.w3layouts.com/demos_new/template_demo/01-09-2020/savepoor-liberty-demo_Free/1012221799/web/causes.html]
[demo.w3layouts.com/demos_new/template_demo/01-09-2020/savepoor-liberty-demo_Free/1012221799/web/assets/images/barcode.png]
[demo.w3layouts.com/demos_new/template_demo/01-09-2020/savepoor-liberty-demo_Free/1012221799/web/donate.html]
[demo.w3layouts.com/demos_new/template_demo/01-09-2020/savepoor-liberty-demo_Free/1012221799/web/error.html]
[demo.w3layouts.com/demos_new/template_demo/01-09-2020/savepoor-liberty-demo_Free/1012221799/web/landing-single.html]
[demo.w3layouts.com/demos_new/template_demo/01-09-2020/savepoor-liberty-demo_Free/1012221799/web/blog.html]
[demo.w3layouts.com/demos_new/template_demo/01-09-2020/savepoor-liberty-demo_Free/1012221799/web/blog-single.html]
[demo.w3layouts.com/demos_new/template_demo/01-09-2020/savepoor-liberty-demo_Free/1012221799/web/contact.html]
[demo.w3layouts.com/demos_new/template_demo/01-09-2020/savepoor-liberty-demo_Free/1012221799/web/assets/fonts/fontawesome-webfont3e6e.svg]
[demo.w3layouts.com/demos_new/template_demo/01-09-2020/savepoor-liberty-demo_Free/1012221799/web/assets/css/owl.video.play.html]
